
---------------------------------------------------------------------------------------------------------------------------------------------------------------------------
yan@DESKTOP-MGFDE09:~/lihuiqin$ git pull origin main
error: cannot pull with rebase: You have unstaged changes.
error: please commit or stash them.
yan@DESKTOP-MGFDE09:~/lihuiqin$ git add .
yan@DESKTOP-MGFDE09:~/lihuiqin$ git commit -m "e320 at feng xi nan li"
[main 70eddf4] e320 at feng xi nan li
 15 files changed, 180 insertions(+), 54 deletions(-)
 create mode 100755 a.out
 create mode 100755 aaj_v15_16_17_18_IO/a.out
 rename aaj_v15_16_17_18_IO/{aaj_v17_10min_newline_character_flush.c => aaj_v17_10min_1_newline_character_flush.c} (65%)
 create mode 100644 aaj_v15_16_17_18_IO/aaj_v17_10min_2_newline_character_no_flush_with_sleep.c
 rename aaj_v15_16_17_18_IO/{aal_v19_3_fgets_with_some_potential_drawbacks.c => aal_v19_3_1_fgets_with_some_potential_drawbacks.c} (100%)
 create mode 100644 aaj_v15_16_17_18_IO/aal_v19_3_2_fgets_fputs_puts_cppBook.c
 create mode 100644 aaj_v15_16_17_18_IO/aao_2_fscanf.c
 create mode 100755 aap_2_formatted_IO_test/a.out
 create mode 100644 aap_2_formatted_IO_test/aap_2_quart_water_quiz.c
yan@DESKTOP-MGFDE09:~/lihuiqin$ git pull origin main
remote: Enumerating objects: 60, done.
remote: Counting objects: 100% (60/60), done.
remote: Compressing objects: 100% (24/24), done.
remote: Total 46 (delta 31), reused 35 (delta 20), pack-reused 0 (from 0)
Unpacking objects: 100% (46/46), 16.86 KiB | 130.00 KiB/s, done.
From https://github.com/jimyokl/lihuiqin
 * branch            main       -> FETCH_HEAD
   fe65553..cf1a9b0  main       -> origin/main
Auto-merging aaj_v15_16_17_18_IO/aak_v18_scanf_1.c
CONFLICT (content): Merge conflict in aaj_v15_16_17_18_IO/aak_v18_scanf_1.c
Auto-merging aaj_v15_16_17_18_IO/aam_fprintf_fwrite_text_data_file_binary_data_file.c
CONFLICT (content): Merge conflict in aaj_v15_16_17_18_IO/aam_fprintf_fwrite_text_data_file_binary_data_file.c
Auto-merging aaj_v15_16_17_18_IO/t
CONFLICT (content): Merge conflict in aaj_v15_16_17_18_IO/t
Auto-merging note/aag_v9_v10_variable.md
error: could not apply 70eddf4... e320 at feng xi nan li
hint: Resolve all conflicts manually, mark them as resolved with
hint: "git add/rm <conflicted_files>", then run "git rebase --continue".
hint: You can instead skip this commit: run "git rebase --skip".
hint: To abort and get back to the state before "git rebase", run "git rebase --abort".
Could not apply 70eddf4... e320 at feng xi nan li
yan@DESKTOP-MGFDE09:~/lihuiqin$ cd
yan@DESKTOP-MGFDE09:~$ vim .git
.git/       .gitconfig
yan@DESKTOP-MGFDE09:~$ vim .git
.git/       .gitconfig
yan@DESKTOP-MGFDE09:~$ vim .gitconfig
yan@DESKTOP-MGFDE09:~$
yan@DESKTOP-MGFDE09:~$ cd lihuiqin/
yan@DESKTOP-MGFDE09:~/lihuiqin$ ls
README.md    aab_dont_forget_head_file.c          aae_v5_data_type.c        aag_v9_10_2_global_var.c                                      aaj_v15_16_17_18_IO      deepseek
a.out        aac_warning_lead_to_segment_fault.c  aaf_v8_define.c           aah_v11_multi_file_programming_staticGlobalVar_staticFUNC_AI  aap_2_formatted_IO_test  media
aaa_hello.c  aad_hello.c                          aag_v9_10_1_global_var.c  aai_v12_13_14_operator_expression.c                           aar_v20_IO_thematic      note
yan@DESKTOP-MGFDE09:~/lihuiqin$ git pull origin main
error: Pulling is not possible because you have unmerged files.
hint: Fix them up in the work tree, and then use 'git add/rm <file>'
hint: as appropriate to mark resolution and make a commit.
fatal: Exiting because of an unresolved conflict.
yan@DESKTOP-MGFDE09:~/lihuiqin$ git status
interactive rebase in progress; onto cf1a9b0
Last command done (1 command done):
   pick 70eddf4 e320 at feng xi nan li
No commands remaining.
You are currently rebasing branch 'main' on 'cf1a9b0'.
  (fix conflicts and then run "git rebase --continue")
  (use "git rebase --skip" to skip this patch)
  (use "git rebase --abort" to check out the original branch)

Changes to be committed:
  (use "git restore --staged <file>..." to unstage)
        new file:   a.out
        modified:   aai_v12_13_14_operator_expression.c
        new file:   aaj_v15_16_17_18_IO/a.out
        modified:   aaj_v15_16_17_18_IO/aaj_v15_16_17_printf.c
        renamed:    aaj_v15_16_17_18_IO/aaj_v17_10min_newline_character_flush.c -> aaj_v15_16_17_18_IO/aaj_v17_10min_1_newline_character_flush.c
        new file:   aaj_v15_16_17_18_IO/aaj_v17_10min_2_newline_character_no_flush_with_sleep.c
        renamed:    aaj_v15_16_17_18_IO/aal_v19_3_fgets_with_some_potential_drawbacks.c -> aaj_v15_16_17_18_IO/aal_v19_3_1_fgets_with_some_potential_drawbacks.c
        new file:   aaj_v15_16_17_18_IO/aal_v19_3_2_fgets_fputs_puts_cppBook.c
        new file:   aaj_v15_16_17_18_IO/aao_2_fscanf.c
        new file:   aap_2_formatted_IO_test/a.out
        new file:   aap_2_formatted_IO_test/aap_2_quart_water_quiz.c
        modified:   note/aag_v9_v10_variable.md

Unmerged paths:
  (use "git restore --staged <file>..." to unstage)
  (use "git add <file>..." to mark resolution)
        both modified:   aaj_v15_16_17_18_IO/aak_v18_scanf_1.c
        both modified:   aaj_v15_16_17_18_IO/aam_fprintf_fwrite_text_data_file_binary_data_file.c
        both modified:   aaj_v15_16_17_18_IO/t
---------------------------------------------------------------------------------------------------------------------------------------------------------------------------
ç„¶åæˆ‘å¤‡ä»½äº†å†²çªçš„æ–‡ä»¶ï¼ŒæŠŠconflictï¼ˆboth modifiedï¼‰çš„3ä¸ªæ–‡ä»¶mvåˆ°äº†~ç›®å½•
ç„¶åå†ç”¨git pull origin main, æŠ¥é”™

yan@DESKTOP-MGFDE09:~/lihuiqin$ git pull origin main
error: Pulling is not possible because you have unmerged files.
hint: Fix them up in the work tree, and then use 'git add/rm <file>'
hint: as appropriate to mark resolution and make a commit.
fatal: Exiting because of an unresolved conflict.
---------------------------------------------------------------------------------------------------------------------------------------------------------------------------
ç„¶åæˆ‘ç»§ç»­é”™è¯¯æ“ä½œï¼Œgit addï¼Œ git commitï¼Œ git pushï¼Œ æŠ¥é”™å‘ç°äº†è¿˜æœªå®Œæˆçš„git pull
yan@DESKTOP-MGFDE09:~/lihuiqin$ git add .
yan@DESKTOP-MGFDE09:~/lihuiqin$ git commit -m "e320 commit again after conflict"
[detached HEAD be17939] e320 commit again after conflict
 15 files changed, 150 insertions(+), 175 deletions(-)
 create mode 100755 a.out
 create mode 100755 aaj_v15_16_17_18_IO/a.out
 rename aaj_v15_16_17_18_IO/{aaj_v17_10min_newline_character_flush.c => aaj_v17_10min_1_newline_character_flush.c} (65%)
 create mode 100644 aaj_v15_16_17_18_IO/aaj_v17_10min_2_newline_character_no_flush_with_sleep.c
 delete mode 100644 aaj_v15_16_17_18_IO/aak_v18_scanf_1.c
 rename aaj_v15_16_17_18_IO/{aal_v19_3_fgets_with_some_potential_drawbacks.c => aal_v19_3_1_fgets_with_some_potential_drawbacks.c} (100%)
 create mode 100644 aaj_v15_16_17_18_IO/aal_v19_3_2_fgets_fputs_puts_cppBook.c
 delete mode 100644 aaj_v15_16_17_18_IO/aam_fprintf_fwrite_text_data_file_binary_data_file.c
 create mode 100644 aaj_v15_16_17_18_IO/aao_2_fscanf.c
 delete mode 100644 aaj_v15_16_17_18_IO/t
 create mode 100755 aap_2_formatted_IO_test/a.out
 create mode 100644 aap_2_formatted_IO_test/aap_2_quart_water_quiz.c

***********æŠ¥é”™ errorï¼š å‘ç°ä¹‹å‰å·²ç»æœ‰rebaseè¿›ç¨‹äº†

From https://github.com/jimyokl/lihuiqin
 * branch            main       -> FETCH_HEAD
fatal: It seems that there is already a rebase-merge directory, and
I wonder if you are in the middle of another rebase.  If that is the
case, please try
        git rebase (--continue | --abort | --skip)
If that is not the case, please
        rm -fr ".git/rebase-merge"
and run me again.  I am stopping in case you still have something
valuable there.

******** å–æ¶ˆè¿™æ¬¡çš„rebase

yan@DESKTOP-MGFDE09:~/lihuiqin$ git rebase --abort

********ç»§ç»­ä¹‹å‰é‚£æ¬¡çš„rebaseï¼ŒæŠ¥é”™ï¼Œå› ä¸ºéœ€è¦ç”¨ git rm å‘½ä»¤æŠŠå†²çªçš„æ–‡ä»¶åˆ é™¤

yan@DESKTOP-MGFDE09:~/lihuiqin$ git rebase --continue
fatal: No rebase in progress?


yan@DESKTOP-MGFDE09:~/lihuiqin$ git pull origin main
From https://github.com/jimyokl/lihuiqin
 * branch            main       -> FETCH_HEAD
Auto-merging aaj_v15_16_17_18_IO/aak_v18_scanf_1.c
CONFLICT (content): Merge conflict in aaj_v15_16_17_18_IO/aak_v18_scanf_1.c
Auto-merging aaj_v15_16_17_18_IO/aam_fprintf_fwrite_text_data_file_binary_data_file.c
CONFLICT (content): Merge conflict in aaj_v15_16_17_18_IO/aam_fprintf_fwrite_text_data_file_binary_data_file.c
Auto-merging aaj_v15_16_17_18_IO/t
CONFLICT (content): Merge conflict in aaj_v15_16_17_18_IO/t
Auto-merging note/aag_v9_v10_variable.md
error: could not apply 70eddf4... e320 at feng xi nan li
hint: Resolve all conflicts manually, mark them as resolved with
hint: "git add/rm <conflicted_files>", then run "git rebase --continue".
hint: You can instead skip this commit: run "git rebase --skip".
hint: To abort and get back to the state before "git rebase", run "git rebase --abort".
Could not apply 70eddf4... e320 at feng xi nan li

******ä¸Šé¢å‡ è¡Œæç¤ºç”¨ git rmå‘½ä»¤ 

yan@DESKTOP-MGFDE09:~/lihuiqin$ git rm aaj_v15_16_17_18_IO/aak_v18_scanf_1.c
rm 'aaj_v15_16_17_18_IO/aak_v18_scanf_1.c'

yan@DESKTOP-MGFDE09:~/lihuiqin$ git aaj_v15_16_17_18_IO/aam_fprintf_fwrite_text_data_file_binary_data_file.c
git: 'aaj_v15_16_17_18_IO/aam_fprintf_fwrite_text_data_file_binary_data_file.c' is not a git command. See 'git --help'.

yan@DESKTOP-MGFDE09:~/lihuiqin$ git aaj_v15_16_17_18_IO/t
git: 'aaj_v15_16_17_18_IO/t' is not a git command. See 'git --help'.

yan@DESKTOP-MGFDE09:~/lihuiqin$ git rm  aaj_v15_16_17_18_IO/t
rm 'aaj_v15_16_17_18_IO/t'
yan@DESKTOP-MGFDE09:~/lihuiqin$ git rm aaj_v15_16_17_18_IO/aam_fprintf_fwrite_text_data_file_binary_data_file.c
rm 'aaj_v15_16_17_18_IO/aam_fprintf_fwrite_text_data_file_binary_data_file.c'

####*** *****************  å¯ä»¥ç»§ç»­å‰é¢é‚£æ¬¡çš„rebaseäº†

yan@DESKTOP-MGFDE09:~/lihuiqin$ git rebase --continue
[detached HEAD c8403e3] e320 at feng xi nan li
 15 files changed, 150 insertions(+), 175 deletions(-)
 create mode 100755 a.out
 create mode 100755 aaj_v15_16_17_18_IO/a.out
 rename aaj_v15_16_17_18_IO/{aaj_v17_10min_newline_character_flush.c => aaj_v17_10min_1_newline_character_flush.c} (65%)
 create mode 100644 aaj_v15_16_17_18_IO/aaj_v17_10min_2_newline_character_no_flush_with_sleep.c
 delete mode 100644 aaj_v15_16_17_18_IO/aak_v18_scanf_1.c
 rename aaj_v15_16_17_18_IO/{aal_v19_3_fgets_with_some_potential_drawbacks.c => aal_v19_3_1_fgets_with_some_potential_drawbacks.c} (100%)
 create mode 100644 aaj_v15_16_17_18_IO/aal_v19_3_2_fgets_fputs_puts_cppBook.c
 delete mode 100644 aaj_v15_16_17_18_IO/aam_fprintf_fwrite_text_data_file_binary_data_file.c
 create mode 100644 aaj_v15_16_17_18_IO/aao_2_fscanf.c
 delete mode 100644 aaj_v15_16_17_18_IO/t
 create mode 100755 aap_2_formatted_IO_test/a.out
 create mode 100644 aap_2_formatted_IO_test/aap_2_quart_water_quiz.c
Successfully rebased and updated refs/heads/main.
---------------------------------------------------------------------------------------------------------------------------------------------------------------------------

pullï¼ˆrebaseï¼‰æˆåŠŸåï¼Œ æŠŠä¹‹å‰~ç›®å½•é‡Œé¢çš„æ–‡ä»¶æ”¹åï¼Œå¤åˆ¶åˆ°lihuiqinæ–‡ä»¶å¤¹ï¼Œå†pushåˆ°è¿œç«¯

yan@DESKTOP-MGFDE09:~/lihuiqin$ git commit -m "mar27 0119 push e320 local to x220"
[main c437636] mar27 0119 push e320 local to x220
 3 files changed, 167 insertions(+)
 create mode 100644 aaj_v15_16_17_18_IO/aam_fprintf_fwrite_text_data_file_binary_data_file.c
 create mode 100644 aaj_v15_16_17_18_IO/t_mod
 create mode 100644 aak_v18_scanf_1_mod.c
 
 yan@DESKTOP-MGFDE09:~/lihuiqin$ git push -u origin main
Enumerating objects: 29, done.
Counting objects: 100% (29/29), done.
Delta compression using up to 2 threads
Compressing objects: 100% (22/22), done.
Writing objects: 100% (22/22), 13.96 KiB | 793.00 KiB/s, done.
Total 22 (delta 11), reused 0 (delta 0), pack-reused 0
remote: Resolving deltas: 100% (11/11), completed with 7 local objects.
To https://github.com/jimyokl/lihuiqin.git
   cf1a9b0..c437636  main -> main
Branch 'main' set up to track remote branch 'main' from 'origin'.
 

---------------------------------------------------------------------------------------------------------------------------------------------------------------------------
------------------------------------------may23--fengxinanli e320æœ¬åœ°åˆ é™¤äº†1æ–‡ä»¶,å¢åŠ äº†2ä¸ªtodel------------------------------------------------------
---------------------------------------------------------------------------------------------------------------------------------------------------------------------------
yan@DESKTOP-MGFDE09:~/lihuiqin$ git status
On branch main
Your branch is up to date with 'origin/main'.
Changes not staged for commit:
  (use "git add/rm <file>..." to update what will be committed)
  (use "git restore <file>..." to discard changes in working directory)
        deleted:    zab_file_IO/zab_file_ptr_offset.js
Untracked files:
  (use "git add <file>..." to include in what will be committed)
        zab_file_IO/todel_zab_file_ptr_offset_feng_xi_nan_li.js
        zab_file_IO/zac_must_set_pos_FUNC_calculate_new_pos_feng_xi_nan_li.js
no changes added to commit (use "git add" and/or "git commit -a")

yan@DESKTOP-MGFDE09:~/lihuiqin$ git stash push -m "save before pulling origin/main"
Saved working directory and index state On main: save before pulling origin/main

yan@DESKTOP-MGFDE09:~/lihuiqin$ git pull
remote: Enumerating objects: 66, done.
remote: Counting objects: 100% (66/66), done.
remote: Compressing objects: 100% (43/43), done.
remote: Total 58 (delta 25), reused 47 (delta 15), pack-reused 0 (from 0)
Unpacking objects: 100% (58/58), 941.13 KiB | 298.00 KiB/s, done.
From https://github.com/jimyokl/lihuiqin
   0a775c2..29b1895  main       -> origin/main
Updating 0a775c2..29b1895
Fast-forward
 aaa_data_type_var_operator/xzz_ascII.c                             |   12 +
 ach_v38_character_array/{Makefile_fengxinanli => Makefile}         |    4 -
 ach_v38_character_array/aci_v39_strcpy_snprintf.c                  |    3 +-
 ach_v38_character_array/acj_v39_scanf.c                            |   64 ++++
 ach_v38_character_array/ack_fscanf.js                              | 1527 ++++++++++++++++++++++++++++++++++++++++++++++++++++++++++++++++++++++++++++++++++++++++++
 ach_v38_character_array/{acj_v39_strcat.c => acl_v39_strcat.c}     |    0
 ach_v38_character_array/gets_puts_v38_init_fengxinanli.c           |   32 --
 ach_v38_character_array/strcpy_scanf_printf_v39_init_fengxinanli.c |   21 --
 ach_v38_character_array/zaa_strchr_.js                             |  138 +++++++++
 ach_v38_character_array/zab_snprintf.c                             |   20 ++
 ach_v38_character_array/zab_snprintf_.js                           |   72 +++++
 ach_v38_character_array/zac_strstr.c                               |  273 ++++++++++++++++
 zab_file_IO/yaa_fpos/yaa_f_pos_get_full_length.c                   |  542 --------------------------------
 zab_file_IO/yaa_fpos/yac_file_ptr_offset_kernel_offset.js          |  145 +++++++++
 zab_file_IO/yaa_fpos/yad_get_size_from_FILE.js                     |  130 ++++++++
 zab_file_IO/yab_extract_chrome_cookie/Local State                  |    1 +
 zab_file_IO/yab_extract_chrome_cookie/Makefile                     |   38 +++
 zab_file_IO/yab_extract_chrome_cookie/bak/main_bak_1.c             |   94 ++++++
 zab_file_IO/yab_extract_chrome_cookie/bak/main_bak_2.c             |  132 ++++++++
 zab_file_IO/yab_extract_chrome_cookie/bak/main_bak_3.c             |  348 +++++++++++++++++++++
 zab_file_IO/yab_extract_chrome_cookie/chrome_cookie_main_may22.c   |  329 ++++++++++++++++++++
 zab_file_IO/yab_extract_chrome_cookie/chrome_cookies_copy.db       |  Bin 0 -> 1802240 bytes
 zab_file_IO/yab_extract_chrome_cookie/extract_chrome_cookie.md     |   40 +++
 zab_file_IO/yab_extract_chrome_cookie/main.c                       |  329 ++++++++++++++++++++
 zab_file_IO/yab_extract_chrome_cookie/z_Local_State                |    1 +
 zab_file_IO/zab_file_ptr_offset.js                                 |  927 ++++++++++++++++---------------------------------------
 zab_file_IO/zac_must_set_pos_FUNC_calculate_new_pos.js             |  292 ++++++++++++++++++
 zab_file_IO/zad_filesize_eof.js                                    |  178 +++++++++++
 zab_file_IO/zae_glibc_offset_cache.js                              |  107 +++++++
 29 files changed, 4532 insertions(+), 1267 deletions(-)
 create mode 100644 aaa_data_type_var_operator/xzz_ascII.c
 rename ach_v38_character_array/{Makefile_fengxinanli => Makefile} (90%)
 create mode 100644 ach_v38_character_array/acj_v39_scanf.c
 create mode 100644 ach_v38_character_array/ack_fscanf.js
 rename ach_v38_character_array/{acj_v39_strcat.c => acl_v39_strcat.c} (100%)
 delete mode 100644 ach_v38_character_array/gets_puts_v38_init_fengxinanli.c
 delete mode 100644 ach_v38_character_array/strcpy_scanf_printf_v39_init_fengxinanli.c
 create mode 100644 ach_v38_character_array/zaa_strchr_.js
 create mode 100644 ach_v38_character_array/zab_snprintf.c
 create mode 100644 ach_v38_character_array/zab_snprintf_.js
 create mode 100644 ach_v38_character_array/zac_strstr.c
 create mode 100644 zab_file_IO/yaa_fpos/yac_file_ptr_offset_kernel_offset.js
 create mode 100644 zab_file_IO/yaa_fpos/yad_get_size_from_FILE.js
 create mode 100755 zab_file_IO/yab_extract_chrome_cookie/Local State
 create mode 100644 zab_file_IO/yab_extract_chrome_cookie/Makefile
 create mode 100644 zab_file_IO/yab_extract_chrome_cookie/bak/main_bak_1.c
 create mode 100644 zab_file_IO/yab_extract_chrome_cookie/bak/main_bak_2.c
 create mode 100644 zab_file_IO/yab_extract_chrome_cookie/bak/main_bak_3.c
 create mode 100644 zab_file_IO/yab_extract_chrome_cookie/chrome_cookie_main_may22.c
 create mode 100644 zab_file_IO/yab_extract_chrome_cookie/chrome_cookies_copy.db
 create mode 100644 zab_file_IO/yab_extract_chrome_cookie/extract_chrome_cookie.md
 create mode 100644 zab_file_IO/yab_extract_chrome_cookie/main.c
 create mode 100644 zab_file_IO/yab_extract_chrome_cookie/z_Local_State
 create mode 100644 zab_file_IO/zac_must_set_pos_FUNC_calculate_new_pos.js
 create mode 100644 zab_file_IO/zad_filesize_eof.js
 create mode 100644 zab_file_IO/zae_glibc_offset_cache.js

yan@DESKTOP-MGFDE09:~/lihuiqin$ git stash pop
CONFLICT (modify/delete): zab_file_IO/zab_file_ptr_offset.js deleted in Stashed changes and modified in Updated upstream. Version Updated upstream of zab_file_IO/zab_file_ptr_offset.js left in tree.
On branch main
Your branch is up to date with 'origin/main'.
                                                                        ////
Unmerged paths:
  (use "git restore --staged <file>..." to unstage)
  (use "git add/rm <file>..." as appropriate to mark resolution)
        deleted by them: zab_file_IO/zab_file_ptr_offset.js

Untracked files:
  (use "git add <file>..." to include in what will be committed)
        zab_file_IO/todel_zab_file_ptr_offset_feng_xi_nan_li.js
        zab_file_IO/zac_must_set_pos_FUNC_calculate_new_pos_feng_xi_nan_li.js
                                                                                        ////
no changes added to commit (use "git add" and/or "git commit -a")
The stash entry is kept in case you need it again.

yan@DESKTOP-MGFDE09:~/lihuiqin$ git restore --staged zab_file_IO/zab_file_ptr_offset.js
yan@DESKTOP-MGFDE09:~/lihuiqin$ git restore zab_file_IO/zab_file_ptr_offset.js

yan@DESKTOP-MGFDE09:~/lihuiqin$ git stash list
stash@{0}: On main: save before pulling origin/main

yan@DESKTOP-MGFDE09:~/lihuiqin$ git stash pop
CONFLICT (modify/delete): zab_file_IO/zab_file_ptr_offset.js deleted in Stashed changes and modified in Updated upstream. Version Updated upstream of zab_file_IO/zab_file_ptr_offset.js left in tree.
On branch main
Your branch is up to date with 'origin/main'.
                                                                        /////
Unmerged paths:
  (use "git restore --staged <file>..." to unstage)
  (use "git add/rm <file>..." as appropriate to mark resolution)
        deleted by them: zab_file_IO/zab_file_ptr_offset.js
                                                                        //////
Untracked files:
  (use "git add <file>..." to include in what will be committed)
        zab_file_IO/todel_zab_file_ptr_offset_feng_xi_nan_li.js
        zab_file_IO/zac_must_set_pos_FUNC_calculate_new_pos_feng_xi_nan_li.js

no changes added to commit (use "git add" and/or "git commit -a")
The stash entry is kept in case you need it again.

yan@DESKTOP-MGFDE09:~/lihuiqin$ git add zab_file_IO/zab_file_ptr_offset.js
yan@DESKTOP-MGFDE09:~/lihuiqin$ git commit -m "Resolved conflict by keeping remote version of zab_file_ptr_offset.js"
On branch main
Your branch is up to date with 'origin/main'.
                                                                /////
Untracked files:
  (use "git add <file>..." to include in what will be committed)
        zab_file_IO/todel_zab_file_ptr_offset_feng_xi_nan_li.js
        zab_file_IO/zac_must_set_pos_FUNC_calculate_new_pos_feng_xi_nan_li.js
                                                                                /////
nothing added to commit but untracked files present (use "git add" to track)

yan@DESKTOP-MGFDE09:~/lihuiqin$ rm zab_file_IO/todel_zab_file_ptr_offset_feng_xi_nan_li.js
yan@DESKTOP-MGFDE09:~/lihuiqin$ git status
On branch main
Your branch is up to date with 'origin/main'.

Untracked files:
  (use "git add <file>..." to include in what will be committed)
        zab_file_IO/zac_must_set_pos_FUNC_calculate_new_pos_feng_xi_nan_li.js

nothing added to commit but untracked files present (use "git add" to track)
yan@DESKTOP-MGFDE09:~/lihuiqin$ rm zab_file_IO/zac_must_set_pos_FUNC_calculate_new_pos_feng_xi_nan_li.js
yan@DESKTOP-MGFDE09:~/lihuiqin$ git status
On branch main
Your branch is up to date with 'origin/main'.

nothing to commit, working tree clean

ask: è¿œç¨‹çš„ origin/mainå·²ç»åšäº†å¾ˆå¤šæ”¹å˜ï¼Œè¯¥æ€ä¹ˆåŠ
a: å¦‚æœè¿œç¨‹çš„ origin/main å·²ç»åšäº†å¾ˆå¤šæ”¹å˜ï¼Œè€Œä½ æœ¬åœ°ä¹Ÿæœ‰ä¸€äº›æ›´æ”¹ï¼ˆæ¯”å¦‚æ–‡ä»¶åˆ é™¤ã€æ·»åŠ ï¼‰ï¼Œé‚£ä¹ˆä½ æ‹‰å–è¿œç¨‹æ›´æ”¹ä¹‹å‰è¦å°å¿ƒï¼Œé¿å…å¼•å‘å†²çªæˆ–ä¸¢å¤±æœ¬åœ°ä¿®æ”¹ã€‚

ä¸‹é¢æ˜¯å‡ ç§å¸¸è§çš„å¤„ç†æ–¹å¼ï¼Œä½ å¯ä»¥æ ¹æ®è‡ªå·±çš„æ„å›¾é€‰æ‹©åˆé€‚çš„æ–¹å¼ğŸ‘‡

æ¨èæ–¹å¼ï¼šä½¿ç”¨ git stash æš‚å­˜æœ¬åœ°æ›´æ”¹ï¼Œç„¶åæ‹‰å–
ğŸ“¦ 1. æš‚å­˜å½“å‰æœ¬åœ°æ”¹åŠ¨ï¼ˆä¿å­˜ä½ çš„åˆ é™¤å’Œæ–°æ–‡ä»¶ï¼‰ï¼š
git stash push -m "save before pulling origin/main"
ğŸ”„ 2. æ‹‰å–è¿œç¨‹ä»£ç 
git pull
â™»ï¸ 3. æ¢å¤åˆšæ‰æš‚å­˜çš„æ”¹åŠ¨
git stash pop
ğŸ”§ å¦‚æœå†²çªå‘ç”Ÿåœ¨ stash pop æ—¶å†è§£å†³å°±è¡Œï¼ˆæ¯”èµ·ç›´æ¥åˆå¹¶è¦å®‰å…¨äº›ï¼‰ã€‚


ç¬¬ä¸€æ­¥ï¼šæš‚å­˜å½“å‰æ”¹åŠ¨
åœ¨ä½ çš„é¡¹ç›®ç›®å½•ä¸‹è¿è¡Œä»¥ä¸‹å‘½ä»¤ï¼š
git stash push -m "save before pulling origin/main"
è¿™æ¡å‘½ä»¤ä¼šï¼š

ä¿å­˜ä½ æ‰€æœ‰æœ¬åœ°çš„æ›´æ”¹ï¼ˆåŒ…æ‹¬åˆ é™¤ã€ä¿®æ”¹ã€æœª add çš„æ–‡ä»¶ï¼‰

å›åˆ°ä¸€ä¸ªå¹²å‡€çš„å·¥ä½œåŒºçŠ¶æ€ï¼ˆå¯ä»¥å®‰å…¨åœ° git pullï¼‰


ç¬¬äºŒæ­¥ï¼šæ‹‰å–è¿œç¨‹æ›´æ–°
git pull
è¿™ä¼šæŠŠè¿œç¨‹åˆ†æ”¯çš„æœ€æ–°æ›´æ”¹åˆå¹¶è¿›æ¥ã€‚å¦‚æœæ²¡æœ‰å†²çªï¼Œä¸‹ä¸€æ­¥å°±å¯ä»¥æ¢å¤ä½ çš„æ”¹åŠ¨ã€‚



ç¬¬ä¸‰æ­¥ï¼šæ¢å¤ä½ åˆšæ‰çš„æ”¹åŠ¨
git stash pop
è¿™ä¼šæŠŠåˆšæ‰ stash çš„å†…å®¹é‡æ–°åº”ç”¨å›æ¥ã€‚å¦‚æœæœ‰å†²çªï¼ŒGit ä¼šæç¤ºä½ è§£å†³ã€‚


å¦‚æœæœ‰å†²çªï¼ŒGit ä¼šæç¤ºä½ è§£å†³å†²çªï¼Œä½ åªéœ€æŒ‰æç¤ºç¼–è¾‘æ–‡ä»¶ã€git addã€å† git commit å³å¯ã€‚
$ git stash pop
Stashed changes and modified in Updated upstream. Version Updated upstream of zab_file_IO/zab_file_ptr_offset.js left in tree.
ä½ æœ¬åœ° stash çš„æ›´æ”¹ä¸­ï¼Œè¿™ä¸ªæ–‡ä»¶æ˜¯è¢«åˆ é™¤çš„ï¼›
è€Œè¿œç¨‹æ›´æ–°ä¸­ï¼Œè¿™ä¸ªæ–‡ä»¶è¢«ä¿®æ”¹äº†ï¼›
Git ä¸çŸ¥é“ä½ æ˜¯æƒ³ä¿ç•™è¿œç¨‹ä¿®æ”¹çš„ç‰ˆæœ¬ï¼Œè¿˜æ˜¯åšæŒæœ¬åœ°åˆ é™¤å®ƒï¼Œæ‰€ä»¥åœä¸‹æ¥è®©ä½ å†³ç­–ã€‚

Unmerged paths:         deleted by them: zab_file_IO/zab_file_ptr_offset.js
Untracked files: zab_file_IO/todel_zab_file_ptr_offset_feng_xi_nan_li.js
        zab_file_IO/zac_must_set_pos_FUNC_calculate_new_pos_feng_xi_nan_li.js
ä½ é‡åˆ°äº†ä¸€ä¸ª å…¸å‹çš„å†²çªï¼šä½ æœ¬åœ°åˆ é™¤äº†æŸä¸ªæ–‡ä»¶ï¼Œè€Œè¿œç¨‹å¯¹è¿™ä¸ªæ–‡ä»¶åšäº†ä¿®æ”¹ï¼Œè¿™åœ¨ stash pop çš„æ—¶å€™å°±å†²çªäº†ã€‚


å¯¹äºzab_file_IO/zab_file_ptr_offset.jsï¼Œ æ–¹æ¡ˆ Aï¼šä¿ç•™è¿œç¨‹ç‰ˆæœ¬ï¼ˆæ¢å¤æ–‡ä»¶ï¼‰
å¦‚æœä½ å¸Œæœ›ä¿ç•™è¿œç¨‹çš„æ–°ç‰ˆæœ¬ï¼š
git restore --staged zab_file_IO/zab_file_ptr_offset.js
git restore zab_file_IO/zab_file_ptr_offset.js 

1ï¸âƒ£ git restore --staged zab_file_IO/zab_file_ptr_offset.js
æ„æ€æ˜¯ï¼šâŒ å–æ¶ˆæš‚å­˜å†²çªçŠ¶æ€ä¸­çš„æ–‡ä»¶
æŠŠè¿™ä¸ªæ–‡ä»¶ä» Git çš„â€œåˆå¹¶å†²çªåŒºâ€ä¸­ç§»å‡ºæ¥ã€‚
âš ï¸ è¿™ä¸ªå‘½ä»¤ä¸ä¼šè¿˜åŸæ–‡ä»¶å†…å®¹ï¼Œåªæ˜¯å‘Šè¯‰ Gitï¼šâ€œæˆ‘è¿˜æ²¡å†³å®šè¿™ä¸ªæ–‡ä»¶æ€ä¹ˆå¤„ç†ï¼Œä¸è¦æš‚å­˜å®ƒâ€ã€‚
2ï¸âƒ£ git restore zab_file_IO/zab_file_ptr_offset.js
æ„æ€æ˜¯ï¼šâœ… æŠŠè¿™ä¸ªæ–‡ä»¶çš„å†…å®¹è¿˜åŸæˆå·¥ä½œåŒºä¸­è¿œç¨‹çš„æœ€æ–°ç‰ˆæœ¬ï¼ˆä¹Ÿå°±æ˜¯ä½ åˆš git pull ä¸‹æ¥çš„å†…å®¹ï¼‰
è¿™æ˜¯å®é™…æ¢å¤æ–‡ä»¶çš„æ­¥éª¤ã€‚

æ¢å¤ä¹‹åçš„æœ€åä¸€æ­¥ï¼š
git add zab_file_IO/zab_file_ptr_offset.js
git commit -m "Resolved conflict by keeping remote version of zab_file_ptr_offset.js"
è¿™æ ·å°±ç®—æ˜¯å½»åº•è§£å†³å†²çªå¹¶å®Œæˆåˆå¹¶äº†ã€‚

ç°åœ¨è¿˜æœ‰ä¸¤ä¸ªæœªè¢« Git è·Ÿè¸ªï¼ˆuntrackedï¼‰çš„æ–°æ–‡ä»¶ï¼š zab_file_IO/todel_zab_file_ptr_offset_feng_xi_nan_li.js
zab_file_IO/zac_must_set_pos_FUNC_calculate_new_pos_feng_xi_nan_li.js

yanæ‰“ç®—åˆ é™¤è¿™ä¸¤ä¸ªæ–‡ä»¶ï¼Œé‚£ä¹ˆéœ€è¦è¿è¡Œ
rm zab_file_IO/todel_zab_file_ptr_offset_feng_xi_nan_li.js
rm zab_file_IO/zac_must_set_pos_FUNC_calculate_new_pos_feng_xi_nan_li.js

è¿è¡Œ2ä¸ªrmåï¼Œgit status ï¼šnothing to commit, working tree clean


git restore --staged zab_file_IO/zab_file_ptr_offset.js
æ˜¯å–æ¶ˆæš‚å­˜åŒºçš„ä¿®æ”¹ï¼ˆæŠŠè¿™ä¸ªæ–‡ä»¶ä»æš‚å­˜åŒºæ’¤å›ï¼‰ï¼Œç›¸å½“äºå‘Šè¯‰ Git ä¸å†å‡†å¤‡æŠŠä½ ä¹‹å‰æœ¬åœ°ä¿®æ”¹çš„ç‰ˆæœ¬æäº¤ã€‚
git restore zab_file_IO/zab_file_ptr_offset.js
æ˜¯è¿˜åŸå·¥ä½œåŒºçš„æ–‡ä»¶å†…å®¹ï¼ŒæŠŠæ–‡ä»¶æ¢å¤æˆå½“å‰åˆ†æ”¯ HEADï¼ˆä¹Ÿå°±æ˜¯ä½ æœ¬åœ°æœ€æ–°åŒæ­¥çš„è¿œç¨‹ç‰ˆæœ¬ï¼‰çš„çŠ¶æ€ã€‚



Unmerged paths:
  (use "git restore --staged <file>..." to unstage)
  (use "git add/rm <file>..." as appropriate to mark resolution)
        deleted by them: zab_file_IO/zab_file_ptr_offset.js
åæ˜ çš„æ˜¯ Git åœ¨åˆå¹¶ï¼ˆstash pop å…¶å®æ˜¯åˆå¹¶ stash é‡Œçš„æ”¹åŠ¨å’Œå½“å‰ä»£ç ï¼‰æ—¶ï¼Œå¯¹åŒä¸€ä¸ªæ–‡ä»¶å‘ç”Ÿäº†â€œå†²çªâ€ï¼Œå…·ä½“æƒ…å†µæ˜¯ï¼š
â€œdeleted by themâ€ è¡¨ç¤ºåœ¨ä½  stash çš„å†…å®¹é‡Œï¼Œè¿™ä¸ªæ–‡ä»¶æ˜¯è¢«åˆ é™¤çš„ï¼ˆå³ä½ æœ¬åœ°æ”¹åŠ¨é‡Œåˆ é™¤äº†å®ƒï¼‰ï¼Œ
ä½†è¿œç¨‹æœ€æ–°ä»£ç ï¼ˆä¹Ÿå°±æ˜¯å½“å‰åˆ†æ”¯ä¸Šçš„ä»£ç ï¼‰ä¸­ï¼Œè¿™ä¸ªæ–‡ä»¶è¢«ä¿®æ”¹äº†ï¼ˆæ²¡æœ‰è¢«åˆ é™¤ï¼Œå†…å®¹æœ‰å˜åŒ–ï¼‰ï¼Œ
è¿™ä¸¤è€…äº§ç”Ÿäº†å†²çªï¼š
è¿œç¨‹åˆ†æ”¯æ˜¯â€œä¿®æ”¹äº†æ–‡ä»¶â€ï¼Œ
ä½  stash é‡Œæ˜¯â€œåˆ é™¤äº†æ–‡ä»¶â€ï¼Œ
Git ä¸çŸ¥é“åº”è¯¥ä¿ç•™â€œä¿®æ”¹åçš„æ–‡ä»¶â€è¿˜æ˜¯â€œåˆ é™¤æ–‡ä»¶â€ï¼Œæ‰€ä»¥æ ‡è®°ä¸ºå†²çªã€‚


è¿™ä¹Ÿæ­£æ˜¯ä¸ºä»€ä¹ˆ Git æç¤ºï¼š
ä½ å¯ä»¥ç”¨ git restore --staged <file> å–æ¶ˆæš‚å­˜åŒºçš„çŠ¶æ€ï¼Œæˆ–è€…
ç”¨ git add æ ‡è®°è§£å†³ï¼ˆæ¯”å¦‚é€‰æ‹©ä¿ç•™å“ªä¸ªç‰ˆæœ¬ï¼Œä¿®æ”¹åå† addï¼‰ï¼Œæˆ–è€…
ç”¨ git rm åˆ é™¤æ–‡ä»¶å¹¶æ ‡è®°è§£å†³å†²çªã€‚


git add zab_file_IO/zab_file_ptr_offset.js å‘Šè¯‰ Gitï¼šâ€œæˆ‘å·²ç»è§£å†³äº†è¿™ä¸ªæ–‡ä»¶çš„å†²çªï¼Œç°åœ¨æŠŠè¿™ä¸ªæ–‡ä»¶æ ‡è®°ä¸ºå†²çªå·²è§£å†³ï¼Œå‡†å¤‡æäº¤ã€‚â€
è¿™é‡Œçš„æ–‡ä»¶å†…å®¹æ˜¯ä½ é€‰æ‹©ä¿ç•™çš„ç‰ˆæœ¬ï¼ˆæ ¹æ®ä½ çš„æè¿°ï¼Œæ˜¯è¿œç¨‹ç‰ˆæœ¬ï¼Œä¹Ÿå°±æ˜¯ stash å¼¹å‡ºæ—¶ç•™ä¸‹çš„è¿œç¨‹ç‰ˆæœ¬ï¼‰ã€‚
git commit -m "Resolved conflict by keeping remote version of zab_file_ptr_offset.js" æäº¤äº†è¿™æ¬¡å†²çªè§£å†³çš„ç»“æœï¼Œ
æäº¤è¯´æ˜æ˜¯â€œé€šè¿‡ä¿ç•™è¿œç¨‹ç‰ˆæœ¬è§£å†³äº† zab_file_ptr_offset.js çš„å†²çªâ€ã€‚

æ€»ç»“:
ä½ åœ¨ stash å¼¹å‡ºï¼ˆgit stash popï¼‰æ—¶é‡åˆ°å†²çªï¼› æ‰‹åŠ¨é€‰æ‹©ä¿ç•™äº†è¿œç¨‹ç‰ˆæœ¬çš„æ–‡ä»¶ï¼›
ç”¨ git add å‘Šè¯‰ Git è¿™ä¸ªå†²çªè§£å†³äº†ï¼›ç”¨ git commit è®°å½•è¿™æ¬¡å†²çªè§£å†³çš„æäº¤ã€‚


æŸ¥çœ‹ä½ çš„ stashï¼ˆå¯é€‰ï¼‰
å¦‚æœä½ æƒ³ç¡®è®¤åˆšæ‰æš‚å­˜çš„å†…å®¹ï¼Œè¿˜å¯ä»¥å…ˆè¿è¡Œï¼š
git stash list ï¼Œç„¶ådropæ‰ stash@{0}
---------------------------------------------------------------------------------------------------------------------------------------------------------------------------